C:\Users\alanz\ELLIER-1\public\images\jogger.personalizado.jpeg: 57KB -> 57KB
C:\Users\alanz\ELLIER-1\public\images\paq.baby.jpeg: 113KB -> 111KB
C:\Users\alanz\ELLIER-1\public\images\paq.baby1.jpeg: 134KB -> 132KB
C:\Users\alanz\ELLIER-1\public\images\paq.baby2.jpeg: 162KB -> 162KB
C:\Users\alanz\ELLIER-1\public\images\paq.boda.jpeg: 154KB -> 152KB
C:\Users\alanz\ELLIER-1\public\images\paq.boda1.jpeg: 157KB -> 155KB
C:\Users\alanz\ELLIER-1\public\images\paq.boda2.jpeg: 211KB -> 209KB
C:\Users\alanz\ELLIER-1\public\images\paq.corporativo.jpeg: 129KB -> 128KB
C:\Users\alanz\ELLIER-1\public\images\paq.corporativo1.jpeg: 133KB -> 130KB
C:\Users\alanz\ELLIER-1\public\images\paq.corporativo2.jpeg: 120KB -> 116KB
C:\Users\alanz\ELLIER-1\public\images\paq.fiesta.jpeg: 128KB -> 126KB
C:\Users\alanz\ELLIER-1\public\images\paq.fiesta1.jpeg: 134KB -> 132KB
C:\Users\alanz\ELLIER-1\public\images\paq.fiesta2.jpeg: 145KB -> 144KB
C:\Users\alanz\ELLIER-1\public\images\paq.graduacion.jpeg: 148KB -> 145KB
C:\Users\alanz\ELLIER-1\public\images\paq.graduacion2.jpeg: 144KB -> 142KB
C:\Users\alanz\ELLIER-1\public\images\paq.xv.jpeg: 138KB -> 137KB
C:\Users\alanz\ELLIER-1\public\images\paq.xv1.jpeg: 142KB -> 141KB
C:\Users\alanz\ELLIER-1\public\images\paq.xv2.jpeg: 186KB -> 184KB
C:\Users\alanz\ELLIER-1\public\images\playera.personalizada.jpeg: 83KB -> 77KB
C:\Users\alanz\ELLIER-1\public\images\sudadera.personalizada.jpeg: 51KB -> 46KB
C:\Users\alanz\ELLIER-1\public\images\taza.personalizada.jpeg: 142KB -> 140KB
C:\Users\alanz\ELLIER-1\public\images\termo.personalizado.jpeg: 73KB -> 68KB
C:\Users\alanz\ELLIER-1\public\images\termo.xl.personalizado.jpeg: 90KB -> 86KB

Total: 2.9MB -> 2.9MB (saved 2%)
