FAILED: C:\Users\alanz\ELLIER-1\public\images\jogger.personalizado.jpeg: UNKNOWN: unknown error, open 'C:\Users\alanz\ELLIER-1\public\images\jogger.personalizado.jpeg'
C:\Users\alanz\ELLIER-1\public\images\Logo.png.png: 2001KB -> 23KB
C:\Users\alanz\ELLIER-1\public\images\modelos-1.png: 2058KB -> 621KB
C:\Users\alanz\ELLIER-1\public\images\modelos1.png: 2058KB -> 621KB
C:\Users\alanz\ELLIER-1\public\images\modelos2.png: 1857KB -> 438KB
C:\Users\alanz\ELLIER-1\public\images\modelos3.png: 580KB -> 188KB
C:\Users\alanz\ELLIER-1\public\images\mujer.png: 1224KB -> 347KB
C:\Users\alanz\ELLIER-1\public\images\oversize-cara.png: 1344KB -> 239KB
C:\Users\alanz\ELLIER-1\public\images\oversize-frase1.png: 1516KB -> 354KB
C:\Users\alanz\ELLIER-1\public\images\oversize-hombre.png: 1748KB -> 305KB
C:\Users\alanz\ELLIER-1\public\images\pans-blanco-espada.png: 1705KB -> 360KB
C:\Users\alanz\ELLIER-1\public\images\pans-blanco-juicio.png: 1937KB -> 362KB
C:\Users\alanz\ELLIER-1\public\images\pans-negro-ancestral.png: 1349KB -> 222KB
C:\Users\alanz\ELLIER-1\public\images\pans-negro-fenix.png: 1747KB -> 292KB
C:\Users\alanz\ELLIER-1\public\images\pans-negro-sangre.png: 1578KB -> 358KB
FAILED: C:\Users\alanz\ELLIER-1\public\images\paq.baby.jpeg: UNKNOWN: unknown error, open 'C:\Users\alanz\ELLIER-1\public\images\paq.baby.jpeg'
FAILED: C:\Users\alanz\ELLIER-1\public\images\paq.baby1.jpeg: UNKNOWN: unknown error, open 'C:\Users\alanz\ELLIER-1\public\images\paq.baby1.jpeg'
FAILED: C:\Users\alanz\ELLIER-1\public\images\paq.baby2.jpeg: UNKNOWN: unknown error, open 'C:\Users\alanz\ELLIER-1\public\images\paq.baby2.jpeg'
FAILED: C:\Users\alanz\ELLIER-1\public\images\paq.boda.jpeg: UNKNOWN: unknown error, open 'C:\Users\alanz\ELLIER-1\public\images\paq.boda.jpeg'
FAILED: C:\Users\alanz\ELLIER-1\public\images\paq.boda1.jpeg: UNKNOWN: unknown error, open 'C:\Users\alanz\ELLIER-1\public\images\paq.boda1.jpeg'
FAILED: C:\Users\alanz\ELLIER-1\public\images\paq.boda2.jpeg: UNKNOWN: unknown error, open 'C:\Users\alanz\ELLIER-1\public\images\paq.boda2.jpeg'
FAILED: C:\Users\alanz\ELLIER-1\public\images\paq.corporativo.jpeg: UNKNOWN: unknown error, open 'C:\Users\alanz\ELLIER-1\public\images\paq.corporativo.jpeg'
FAILED: C:\Users\alanz\ELLIER-1\public\images\paq.corporativo1.jpeg: UNKNOWN: unknown error, open 'C:\Users\alanz\ELLIER-1\public\images\paq.corporativo1.jpeg'
FAILED: C:\Users\alanz\ELLIER-1\public\images\paq.corporativo2.jpeg: UNKNOWN: unknown error, open 'C:\Users\alanz\ELLIER-1\public\images\paq.corporativo2.jpeg'
FAILED: C:\Users\alanz\ELLIER-1\public\images\paq.fiesta.jpeg: UNKNOWN: unknown error, open 'C:\Users\alanz\ELLIER-1\public\images\paq.fiesta.jpeg'
FAILED: C:\Users\alanz\ELLIER-1\public\images\paq.fiesta1.jpeg: UNKNOWN: unknown error, open 'C:\Users\alanz\ELLIER-1\public\images\paq.fiesta1.jpeg'
FAILED: C:\Users\alanz\ELLIER-1\public\images\paq.fiesta2.jpeg: UNKNOWN: unknown error, open 'C:\Users\alanz\ELLIER-1\public\images\paq.fiesta2.jpeg'
FAILED: C:\Users\alanz\ELLIER-1\public\images\paq.graduacion.jpeg: UNKNOWN: unknown error, open 'C:\Users\alanz\ELLIER-1\public\images\paq.graduacion.jpeg'
C:\Users\alanz\ELLIER-1\public\images\paq.graduacion1.png: 2358KB -> 809KB
FAILED: C:\Users\alanz\ELLIER-1\public\images\paq.graduacion2.jpeg: UNKNOWN: unknown error, open 'C:\Users\alanz\ELLIER-1\public\images\paq.graduacion2.jpeg'
FAILED: C:\Users\alanz\ELLIER-1\public\images\paq.xv.jpeg: UNKNOWN: unknown error, open 'C:\Users\alanz\ELLIER-1\public\images\paq.xv.jpeg'
FAILED: C:\Users\alanz\ELLIER-1\public\images\paq.xv1.jpeg: UNKNOWN: unknown error, open 'C:\Users\alanz\ELLIER-1\public\images\paq.xv1.jpeg'
FAILED: C:\Users\alanz\ELLIER-1\public\images\paq.xv2.jpeg: UNKNOWN: unknown error, open 'C:\Users\alanz\ELLIER-1\public\images\paq.xv2.jpeg'
C:\Users\alanz\ELLIER-1\public\images\playera-azul.png: 1497KB -> 236KB
C:\Users\alanz\ELLIER-1\public\images\playera-cafe.png: 1488KB -> 369KB
C:\Users\alanz\ELLIER-1\public\images\playera-corazon.png: 1772KB -> 311KB
C:\Users\alanz\ELLIER-1\public\images\playera-cuadro.png: 1489KB -> 264KB
C:\Users\alanz\ELLIER-1\public\images\playera-ellier-blanca.png: 1827KB -> 320KB
C:\Users\alanz\ELLIER-1\public\images\playera-etiqueta-blanca.png: 1700KB -> 323KB
C:\Users\alanz\ELLIER-1\public\images\playera-etiqueta-cafe.png: 1953KB -> 335KB
C:\Users\alanz\ELLIER-1\public\images\playera-los-angeles.png: 1627KB -> 311KB
C:\Users\alanz\ELLIER-1\public\images\playera-rosa.png: 1775KB -> 317KB
FAILED: C:\Users\alanz\ELLIER-1\public\images\playera.personalizada.jpeg: UNKNOWN: unknown error, open 'C:\Users\alanz\ELLIER-1\public\images\playera.personalizada.jpeg'
C:\Users\alanz\ELLIER-1\public\images\Productos\playeras\1.png: 1190KB -> 246KB
C:\Users\alanz\ELLIER-1\public\images\Productos\playeras\10.png: 1113KB -> 216KB
C:\Users\alanz\ELLIER-1\public\images\Productos\playeras\11.png: 2018KB -> 489KB
C:\Users\alanz\ELLIER-1\public\images\Productos\playeras\12.png: 1368KB -> 206KB
C:\Users\alanz\ELLIER-1\public\images\Productos\playeras\13.png: 1458KB -> 303KB
C:\Users\alanz\ELLIER-1\public\images\Productos\playeras\14.png: 2345KB -> 527KB
C:\Users\alanz\ELLIER-1\public\images\Productos\playeras\15.png: 1704KB -> 236KB
C:\Users\alanz\ELLIER-1\public\images\Productos\playeras\16.png: 1453KB -> 313KB
C:\Users\alanz\ELLIER-1\public\images\Productos\playeras\17.png: 1962KB -> 529KB
C:\Users\alanz\ELLIER-1\public\images\Productos\playeras\18.png: 1700KB -> 457KB
C:\Users\alanz\ELLIER-1\public\images\Productos\playeras\19.png: 1425KB -> 330KB
C:\Users\alanz\ELLIER-1\public\images\Productos\playeras\2.png: 1287KB -> 254KB
C:\Users\alanz\ELLIER-1\public\images\Productos\playeras\20.png: 1160KB -> 213KB
C:\Users\alanz\ELLIER-1\public\images\Productos\playeras\21.png: 1059KB -> 203KB
C:\Users\alanz\ELLIER-1\public\images\Productos\playeras\22.png: 1041KB -> 163KB
C:\Users\alanz\ELLIER-1\public\images\Productos\playeras\23.png: 1339KB -> 286KB
C:\Users\alanz\ELLIER-1\public\images\Productos\playeras\24.png: 2150KB -> 659KB
C:\Users\alanz\ELLIER-1\public\images\Productos\playeras\25.png: 1770KB -> 538KB
C:\Users\alanz\ELLIER-1\public\images\Productos\playeras\26.png: 1609KB -> 465KB
C:\Users\alanz\ELLIER-1\public\images\Productos\playeras\27.png: 1452KB -> 401KB
C:\Users\alanz\ELLIER-1\public\images\Productos\playeras\28.png: 1617KB -> 417KB
C:\Users\alanz\ELLIER-1\public\images\Productos\playeras\29.png: 1358KB -> 328KB
C:\Users\alanz\ELLIER-1\public\images\Productos\playeras\3.png: 1000KB -> 249KB
C:\Users\alanz\ELLIER-1\public\images\Productos\playeras\30.png: 1573KB -> 466KB
C:\Users\alanz\ELLIER-1\public\images\Productos\playeras\31.png: 1023KB -> 284KB
C:\Users\alanz\ELLIER-1\public\images\Productos\playeras\32.png: 1356KB -> 278KB
C:\Users\alanz\ELLIER-1\public\images\Productos\playeras\33.png: 2238KB -> 605KB
C:\Users\alanz\ELLIER-1\public\images\Productos\playeras\34.png: 1363KB -> 356KB
C:\Users\alanz\ELLIER-1\public\images\Productos\playeras\35.png: 1422KB -> 384KB
C:\Users\alanz\ELLIER-1\public\images\Productos\playeras\36.png: 1510KB -> 295KB
C:\Users\alanz\ELLIER-1\public\images\Productos\playeras\4.png: 1301KB -> 247KB
C:\Users\alanz\ELLIER-1\public\images\Productos\playeras\5.png: 1111KB -> 218KB
C:\Users\alanz\ELLIER-1\public\images\Productos\playeras\6.png: 1818KB -> 338KB
C:\Users\alanz\ELLIER-1\public\images\Productos\playeras\7.png: 1304KB -> 256KB
C:\Users\alanz\ELLIER-1\public\images\Productos\playeras\8.png: 1146KB -> 198KB
C:\Users\alanz\ELLIER-1\public\images\Productos\playeras\9.png: 1908KB -> 489KB
C:\Users\alanz\ELLIER-1\public\images\Productos\tiempo_real\playera.png: 1932KB -> 499KB
C:\Users\alanz\ELLIER-1\public\images\Productos\tiempo_real\sudadera.png: 1672KB -> 401KB
C:\Users\alanz\ELLIER-1\public\images\Productos\tiempo_real\taza.png: 1445KB -> 122KB
C:\Users\alanz\ELLIER-1\public\images\Productos\tiempo_real\taza1.png: 1425KB -> 126KB
C:\Users\alanz\ELLIER-1\public\images\Productos\tiempo_real\termo1.png: 2125KB -> 163KB
C:\Users\alanz\ELLIER-1\public\images\Productos\tiempo_real\termo2.png: 1254KB -> 265KB
C:\Users\alanz\ELLIER-1\public\images\Productos\tiempo_real\termo3.png: 1256KB -> 271KB
C:\Users\alanz\ELLIER-1\public\images\Productos\tiempo_real\termo4.png: 1348KB -> 251KB
C:\Users\alanz\ELLIER-1\public\images\sin_fondo.png: 57KB -> 14KB
C:\Users\alanz\ELLIER-1\public\images\sudadera-angel-blagro.png: 2017KB -> 369KB
C:\Users\alanz\ELLIER-1\public\images\sudadera-angel.png: 1761KB -> 277KB
C:\Users\alanz\ELLIER-1\public\images\sudadera-arbol.png: 1690KB -> 386KB
C:\Users\alanz\ELLIER-1\public\images\sudadera-beige.png: 1350KB -> 215KB
C:\Users\alanz\ELLIER-1\public\images\sudadera-cuadro.png: 1541KB -> 319KB
C:\Users\alanz\ELLIER-1\public\images\sudadera-dragon.png: 1674KB -> 365KB
C:\Users\alanz\ELLIER-1\public\images\sudadera-frase-espada.png: 1449KB -> 225KB
C:\Users\alanz\ELLIER-1\public\images\sudadera-frase-zamu.png: 1539KB -> 298KB
C:\Users\alanz\ELLIER-1\public\images\sudadera-frase1.png: 1343KB -> 280KB
C:\Users\alanz\ELLIER-1\public\images\sudadera-frase2.png: 1549KB -> 367KB
C:\Users\alanz\ELLIER-1\public\images\sudadera-gato.png: 1492KB -> 384KB
C:\Users\alanz\ELLIER-1\public\images\sudadera-gris.png: 1714KB -> 361KB
C:\Users\alanz\ELLIER-1\public\images\sudadera-pans-deportivo-hombre-up.png: 2260KB -> 182KB
C:\Users\alanz\ELLIER-1\public\images\sudadera-y-pans-deportivo-hombre-up.png: 2260KB -> 182KB
FAILED: C:\Users\alanz\ELLIER-1\public\images\sudadera.personalizada.jpeg: UNKNOWN: unknown error, open 'C:\Users\alanz\ELLIER-1\public\images\sudadera.personalizada.jpeg'
C:\Users\alanz\ELLIER-1\public\images\sudadera.png: 1433KB -> 198KB
C:\Users\alanz\ELLIER-1\public\images\taza-escudo-up.png: 1408KB -> 414KB
C:\Users\alanz\ELLIER-1\public\images\taza-pantera1.png: 1211KB -> 232KB
C:\Users\alanz\ELLIER-1\public\images\taza-rasguño1.png: 1089KB -> 233KB
C:\Users\alanz\ELLIER-1\public\images\taza-rasguño2.png: 1711KB -> 303KB
C:\Users\alanz\ELLIER-1\public\images\taza-rasguño3.png: 1346KB -> 288KB
C:\Users\alanz\ELLIER-1\public\images\taza-termo.png: 1216KB -> 284KB
FAILED: C:\Users\alanz\ELLIER-1\public\images\taza.personalizada.jpeg: UNKNOWN: unknown error, open 'C:\Users\alanz\ELLIER-1\public\images\taza.personalizada.jpeg'
C:\Users\alanz\ELLIER-1\public\images\tazas.png: 1398KB -> 279KB
C:\Users\alanz\ELLIER-1\public\images\termo-del-chisme.png: 1371KB -> 495KB
C:\Users\alanz\ELLIER-1\public\images\termo-negro-30-oz.png: 1394KB -> 282KB
C:\Users\alanz\ELLIER-1\public\images\termo-panamericana-blanco25oz.png: 1124KB -> 289KB
C:\Users\alanz\ELLIER-1\public\images\termo-panamericana-boanco40oz.png: 1330KB -> 339KB
C:\Users\alanz\ELLIER-1\public\images\termo-panamericana20oz.png: 998KB -> 223KB
C:\Users\alanz\ELLIER-1\public\images\termo-pantera-30oz.png: 1473KB -> 360KB
C:\Users\alanz\ELLIER-1\public\images\termo-pantera1-40oz.png: 1327KB -> 228KB
C:\Users\alanz\ELLIER-1\public\images\termo-rasguño2-20oz.png: 1119KB -> 311KB
C:\Users\alanz\ELLIER-1\public\images\termo-rasguño20oz.png: 1311KB -> 305KB
FAILED: C:\Users\alanz\ELLIER-1\public\images\termo.personalizado.jpeg: UNKNOWN: unknown error, open 'C:\Users\alanz\ELLIER-1\public\images\termo.personalizado.jpeg'
FAILED: C:\Users\alanz\ELLIER-1\public\images\termo.xl.personalizado.jpeg: UNKNOWN: unknown error, open 'C:\Users\alanz\ELLIER-1\public\images\termo.xl.personalizado.jpeg'
C:\Users\alanz\ELLIER-1\public\images\termos-oz.png: 1269KB -> 224KB
C:\Users\alanz\ELLIER-1\public\images\tiempo_real\playera.png: 171KB -> 47KB
C:\Users\alanz\ELLIER-1\public\images\tiempo_real\sudadera.png: 282KB -> 71KB
C:\Users\alanz\ELLIER-1\public\images\tiempo_real\taza.png: 171KB -> 48KB
C:\Users\alanz\ELLIER-1\public\images\tiempo_real\taza1.png: 205KB -> 43KB
C:\Users\alanz\ELLIER-1\public\images\tiempo_real\termo1.png: 2125KB -> 163KB
C:\Users\alanz\ELLIER-1\public\images\tiempo_real\termo2.png: 112KB -> 30KB
C:\Users\alanz\ELLIER-1\public\images\tiempo_real\termo3.png: 73KB -> 19KB
C:\Users\alanz\ELLIER-1\public\images\tiempo_real\termo4.png: 80KB -> 23KB
C:\Users\alanz\ELLIER-1\public\images\upxellier4.png: 1286KB -> 133KB
C:\Users\alanz\ELLIER-1\public\images\voleibol-mujer-up.png: 1343KB -> 299KB
C:\Users\alanz\ELLIER-1\public\images\voleivol-mujer-up.png: 1343KB -> 299KB

Total: 159.9MB -> 35.7MB (saved 78%)
Failed (23): C:\Users\alanz\ELLIER-1\public\images\jogger.personalizado.jpeg, C:\Users\alanz\ELLIER-1\public\images\paq.baby.jpeg, C:\Users\alanz\ELLIER-1\public\images\paq.baby1.jpeg, C:\Users\alanz\ELLIER-1\public\images\paq.baby2.jpeg, C:\Users\alanz\ELLIER-1\public\images\paq.boda.jpeg, C:\Users\alanz\ELLIER-1\public\images\paq.boda1.jpeg, C:\Users\alanz\ELLIER-1\public\images\paq.boda2.jpeg, C:\Users\alanz\ELLIER-1\public\images\paq.corporativo.jpeg, C:\Users\alanz\ELLIER-1\public\images\paq.corporativo1.jpeg, C:\Users\alanz\ELLIER-1\public\images\paq.corporativo2.jpeg, C:\Users\alanz\ELLIER-1\public\images\paq.fiesta.jpeg, C:\Users\alanz\ELLIER-1\public\images\paq.fiesta1.jpeg, C:\Users\alanz\ELLIER-1\public\images\paq.fiesta2.jpeg, C:\Users\alanz\ELLIER-1\public\images\paq.graduacion.jpeg, C:\Users\alanz\ELLIER-1\public\images\paq.graduacion2.jpeg, C:\Users\alanz\ELLIER-1\public\images\paq.xv.jpeg, C:\Users\alanz\ELLIER-1\public\images\paq.xv1.jpeg, C:\Users\alanz\ELLIER-1\public\images\paq.xv2.jpeg, C:\Users\alanz\ELLIER-1\public\images\playera.personalizada.jpeg, C:\Users\alanz\ELLIER-1\public\images\sudadera.personalizada.jpeg, C:\Users\alanz\ELLIER-1\public\images\taza.personalizada.jpeg, C:\Users\alanz\ELLIER-1\public\images\termo.personalizado.jpeg, C:\Users\alanz\ELLIER-1\public\images\termo.xl.personalizado.jpeg
